\BOOKMARK [1][-]{section.1}{\376\377\000I\000n\000t\000r\000o\000d\000u\000c\000t\000i\000o\000n}{}% 1
\BOOKMARK [2][-]{subsection.1.1}{\376\377\000A\000c\000r\000o\000n\000y\000m\000s\000\040\000a\000n\000d\000\040\000A\000b\000b\000r\000e\000v\000i\000a\000t\000i\000o\000n\000s}{section.1}% 2
\BOOKMARK [1][-]{section.2}{\376\377\000C\000o\000m\000m\000o\000n\000\040\000P\000r\000o\000c\000e\000s\000s\000i\000n\000g\000\040\000P\000i\000p\000e\000l\000i\000n\000e}{}% 3
\BOOKMARK [2][-]{subsection.2.1}{\376\377\000S\000t\000e\000p\000\040\0001\000:\000\040\000A\000u\000t\000o\000m\000a\000t\000e\000d\000\040\000P\000r\000e\000p\000a\000r\000a\000t\000i\000o\000n}{section.2}% 4
\BOOKMARK [3][-]{subsubsection.2.1.1}{\376\377\000A\000n\000n\000o\000t\000a\000t\000i\000o\000n\000\040\000F\000o\000r\000m\000a\000t\000\040\000C\000o\000n\000v\000e\000r\000s\000i\000o\000n}{subsection.2.1}% 5
\BOOKMARK [3][-]{subsubsection.2.1.2}{\376\377\000W\000h\000y\000\040\000T\000a\000m\000u\000r\000a\000'\000s\000\040\000F\000o\000r\000m\000a\000t\000\040\000R\000e\000q\000u\000i\000r\000e\000s\000\040\000C\000o\000n\000v\000e\000r\000s\000i\000o\000n}{subsection.2.1}% 6
\BOOKMARK [3][-]{subsubsection.2.1.3}{\376\377\000F\000r\000a\000m\000e\000\040\000E\000x\000t\000r\000a\000c\000t\000i\000o\000n\000\040\000a\000n\000d\000\040\000F\000i\000l\000t\000e\000r\000i\000n\000g}{subsection.2.1}% 7
\BOOKMARK [3][-]{subsubsection.2.1.4}{\376\377\000V\000i\000s\000u\000a\000l\000i\000z\000a\000t\000i\000o\000n\000\040\000G\000e\000n\000e\000r\000a\000t\000i\000o\000n}{subsection.2.1}% 8
\BOOKMARK [2][-]{subsection.2.2}{\376\377\000M\000a\000n\000u\000a\000l\000\040\000Q\000u\000a\000l\000i\000t\000y\000\040\000R\000e\000v\000i\000e\000w}{section.2}% 9
\BOOKMARK [2][-]{subsection.2.3}{\376\377\000S\000t\000e\000p\000\040\0002\000:\000\040\000A\000u\000t\000o\000m\000a\000t\000e\000d\000\040\000C\000l\000e\000a\000n\000u\000p}{section.2}% 10
\BOOKMARK [1][-]{section.3}{\376\377\000B\000O\000M\000N\000I\000\040\000D\000a\000t\000a\000s\000e\000t\000\040\000P\000r\000o\000c\000e\000s\000s\000i\000n\000g}{}% 11
\BOOKMARK [2][-]{subsection.3.1}{\376\377\000D\000a\000t\000a\000s\000e\000t\000\040\000O\000v\000e\000r\000v\000i\000e\000w}{section.3}% 12
\BOOKMARK [2][-]{subsection.3.2}{\376\377\000B\000O\000M\000N\000I\000-\000S\000p\000e\000c\000i\000f\000i\000c\000\040\000S\000t\000e\000p\000s}{section.3}% 13
\BOOKMARK [3][-]{subsubsection.3.2.1}{\376\377\000F\000r\000a\000m\000e\000\040\000E\000x\000t\000r\000a\000c\000t\000i\000o\000n\000\040\000f\000r\000o\000m\000\040\000V\000i\000d\000e\000o\000s}{subsection.3.2}% 14
\BOOKMARK [3][-]{subsubsection.3.2.2}{\376\377\000C\000l\000e\000a\000n\000u\000p\000\040\000a\000n\000d\000\040\000C\000o\000n\000v\000e\000r\000s\000i\000o\000n}{subsection.3.2}% 15
\BOOKMARK [2][-]{subsection.3.3}{\376\377\000M\000a\000n\000u\000a\000l\000\040\000V\000e\000r\000i\000f\000i\000c\000a\000t\000i\000o\000n\000\040\000R\000e\000s\000u\000l\000t\000s}{section.3}% 16
\BOOKMARK [2][-]{subsection.3.4}{\376\377\000S\000e\000q\000u\000e\000n\000c\000e\000\040\000A\000g\000g\000r\000e\000g\000a\000t\000i\000o\000n}{section.3}% 17
\BOOKMARK [2][-]{subsection.3.5}{\376\377\000B\000O\000M\000N\000I\000\040\000L\000i\000m\000i\000t\000a\000t\000i\000o\000n\000s}{section.3}% 18
\BOOKMARK [1][-]{section.4}{\376\377\000P\000I\000R\000O\000P\000O\000\040\000D\000a\000t\000a\000s\000e\000t\000\040\000P\000r\000o\000c\000e\000s\000s\000i\000n\000g}{}% 19
\BOOKMARK [2][-]{subsection.4.1}{\376\377\000D\000a\000t\000a\000s\000e\000t\000\040\000O\000v\000e\000r\000v\000i\000e\000w}{section.4}% 20
\BOOKMARK [2][-]{subsection.4.2}{\376\377\000P\000I\000R\000O\000P\000O\000-\000S\000p\000e\000c\000i\000f\000i\000c\000\040\000C\000h\000a\000l\000l\000e\000n\000g\000e\000s}{section.4}% 21
\BOOKMARK [3][-]{subsubsection.4.2.1}{\376\377\000M\000a\000s\000s\000i\000v\000e\000\040\000F\000r\000a\000m\000e\000\040\000A\000r\000c\000h\000i\000v\000e\000s}{subsection.4.2}% 22
\BOOKMARK [3][-]{subsubsection.4.2.2}{\376\377\000H\000i\000e\000r\000a\000r\000c\000h\000i\000c\000a\000l\000\040\000F\000o\000l\000d\000e\000r\000\040\000S\000t\000r\000u\000c\000t\000u\000r\000e}{subsection.4.2}% 23
\BOOKMARK [2][-]{subsection.4.3}{\376\377\000C\000a\000m\000e\000r\000a\000\040\000S\000e\000l\000e\000c\000t\000i\000o\000n}{section.4}% 24
\BOOKMARK [3][-]{subsubsection.4.3.1}{\376\377\000E\000x\000c\000l\000u\000d\000e\000d\000:\000\040\000P\000e\000r\000s\000p\000e\000c\000t\000i\000v\000e\000\040\000C\000a\000m\000e\000r\000a\000s}{subsection.4.3}% 25
\BOOKMARK [3][-]{subsubsection.4.3.2}{\376\377\000I\000n\000c\000l\000u\000d\000e\000d\000:\000\040\000O\000m\000n\000i\000d\000i\000r\000e\000c\000t\000i\000o\000n\000a\000l\000\040\000C\000a\000m\000e\000r\000a\000s\000\040\000O\000n\000l\000y}{subsection.4.3}% 26
\BOOKMARK [2][-]{subsection.4.4}{\376\377\000S\000e\000q\000u\000e\000n\000c\000e\000\040\000S\000e\000l\000e\000c\000t\000i\000o\000n}{section.4}% 27
\BOOKMARK [3][-]{subsubsection.4.4.1}{\376\377\000E\000x\000c\000l\000u\000d\000e\000d\000:\000\040\000U\000n\000a\000n\000n\000o\000t\000a\000t\000e\000d\000\040\000S\000e\000q\000u\000e\000n\000c\000e\000s}{subsection.4.4}% 28
\BOOKMARK [3][-]{subsubsection.4.4.2}{\376\377\000E\000x\000c\000l\000u\000d\000e\000d\000:\000\040\000E\000m\000p\000t\000y\000\040\000B\000a\000c\000k\000g\000r\000o\000u\000n\000d\000\040\000S\000e\000q\000u\000e\000n\000c\000e\000s}{subsection.4.4}% 29
\BOOKMARK [3][-]{subsubsection.4.4.3}{\376\377\000I\000n\000c\000l\000u\000d\000e\000d\000:\000\040\000A\000n\000n\000o\000t\000a\000t\000e\000d\000\040\000P\000e\000d\000e\000s\000t\000r\000i\000a\000n\000\040\000S\000e\000q\000u\000e\000n\000c\000e\000s}{subsection.4.4}% 30
\BOOKMARK [2][-]{subsection.4.5}{\376\377\000C\000a\000m\000e\000r\000a\000\040\000A\000g\000g\000r\000e\000g\000a\000t\000i\000o\000n}{section.4}% 31
\BOOKMARK [2][-]{subsection.4.6}{\376\377\000M\000a\000n\000u\000a\000l\000\040\000V\000e\000r\000i\000f\000i\000c\000a\000t\000i\000o\000n\000\040\000\050\000P\000e\000n\000d\000i\000n\000g\000\051}{section.4}% 32
\BOOKMARK [1][-]{section.5}{\376\377\000C\000r\000o\000s\000s\000-\000D\000a\000t\000a\000s\000e\000t\000\040\000C\000o\000m\000p\000a\000r\000i\000s\000o\000n}{}% 33
\BOOKMARK [1][-]{section.6}{\376\377\000M\000e\000t\000h\000o\000d\000o\000l\000o\000g\000i\000c\000a\000l\000\040\000C\000o\000n\000s\000i\000s\000t\000e\000n\000c\000y\000\040\000a\000n\000d\000\040\000F\000a\000i\000r\000\040\000E\000v\000a\000l\000u\000a\000t\000i\000o\000n}{}% 34
\BOOKMARK [2][-]{subsection.6.1}{\376\377\000W\000h\000y\000\040\000C\000o\000n\000s\000i\000s\000t\000e\000n\000c\000y\000\040\000M\000a\000t\000t\000e\000r\000s}{section.6}% 35
\BOOKMARK [2][-]{subsection.6.2}{\376\377\000C\000o\000n\000s\000e\000r\000v\000a\000t\000i\000v\000e\000\040\000D\000a\000t\000a\000\040\000I\000n\000c\000l\000u\000s\000i\000o\000n}{section.6}% 36
\BOOKMARK [2][-]{subsection.6.3}{\376\377\000L\000i\000m\000i\000t\000a\000t\000i\000o\000n\000s\000\040\000a\000n\000d\000\040\000M\000i\000t\000i\000g\000a\000t\000i\000o\000n}{section.6}% 37
\BOOKMARK [1][-]{section.7}{\376\377\000S\000u\000m\000m\000a\000r\000y}{}% 38
